canhnguyen@Latitude-E6420:~$ sudo apt install python3
canhnguyen@Latitude-E6420:~$ sudo apt install python3-pip python3-dev
Reading package lists... Done
Building dependency tree       
Reading state information... Done
python3-dev is already the newest version (3.7.3-1).
python3-dev set to manually installed.
0 upgraded, 0 newly installed, 0 to remove and 307 not upgraded.


canhnguyen@Latitude-E6420:~$ pip3 install --user pipenv
Collecting pipenv
  Downloading https://files.pythonhosted.org/packages/13/b4/3ffa55f77161cff9a5220f162670f7c5eb00df52e00939e203f601b0f579/pipenv-2018.11.26-py3-none-any.whl (5.2MB)
    100% |‚ñà‚ñà‚ñà‚ñà‚ñà‚ñà‚ñà‚ñà‚ñà‚ñà‚ñà‚ñà‚ñà‚ñà‚ñà‚ñà‚ñà‚ñà‚ñà‚ñà‚ñà‚ñà‚ñà‚ñà‚ñà‚ñà‚ñà‚ñà‚ñà‚ñà‚ñà‚ñà| 5.2MB 273kB/s 
Collecting virtualenv (from pipenv)
  Downloading https://files.pythonhosted.org/packages/c5/97/00dd42a0fc41e9016b23f07ec7f657f636cb672fad9cf72b80f8f65c6a46/virtualenv-16.7.7-py2.py3-none-any.whl (3.4MB)
    100% |‚ñà‚ñà‚ñà‚ñà‚ñà‚ñà‚ñà‚ñà‚ñà‚ñà‚ñà‚ñà‚ñà‚ñà‚ñà‚ñà‚ñà‚ñà‚ñà‚ñà‚ñà‚ñà‚ñà‚ñà‚ñà‚ñà‚ñà‚ñà‚ñà‚ñà‚ñà‚ñà| 3.4MB 436kB/s 
Requirement already satisfied: certifi in /usr/lib/python3/dist-packages (from pipenv) (2018.8.24)
Requirement already satisfied: pip>=9.0.1 in /usr/lib/python3/dist-packages (from pipenv) (18.1)
Collecting virtualenv-clone>=0.2.5 (from pipenv)
  Downloading https://files.pythonhosted.org/packages/ba/f8/50c2b7dbc99e05fce5e5b9d9a31f37c988c99acd4e8dedd720b7b8d4011d/virtualenv_clone-0.5.3-py2.py3-none-any.whl
Requirement already satisfied: setuptools>=36.2.1 in /usr/lib/python3/dist-packages (from pipenv) (40.8.0)
Installing collected packages: virtualenv, virtualenv-clone, pipenv
  The script virtualenv is installed in '/home/canhnguyen/.local/bin' which is not on PATH.
  Consider adding this directory to PATH or, if you prefer to suppress this warning, use --no-warn-script-location.
  The script virtualenv-clone is installed in '/home/canhnguyen/.local/bin' which is not on PATH.
  Consider adding this directory to PATH or, if you prefer to suppress this warning, use --no-warn-script-location.
  The scripts pipenv and pipenv-resolver are installed in '/home/canhnguyen/.local/bin' which is not on PATH.
  Consider adding this directory to PATH or, if you prefer to suppress this warning, use --no-warn-script-location.
Successfully installed pipenv-2018.11.26 virtualenv-16.7.7 virtualenv-clone-0.5.3


canhnguyen@Latitude-E6420:~$ echo "PATH=$HOME/.local/bin:$PATH" >> ~/.bashrc
canhnguyen@Latitude-E6420:~$ source ~/.bashrc


canhnguyen@Latitude-E6420:~$ sudo apt-get install git

canhnguyen@Latitude-E6420:~$ ssh-keygen -t rsa -b 4096 -C "nguyenhuucanh95@gmail.com"
Generating public/private rsa key pair.
Enter file in which to save the key (/home/canhnguyen/.ssh/id_rsa): 
Enter passphrase (empty for no passphrase): 
Enter same passphrase again: 
Your identification has been saved in /home/canhnguyen/.ssh/id_rsa.
Your public key has been saved in /home/canhnguyen/.ssh/id_rsa.pub.
The key fingerprint is:
SHA256:FElavObcpDyMLx85rnms2kCB4Qen0/QB3UeX9+MjZ0Y nguyenhuucanh95@gmail.com
The key's randomart image is:
+---[RSA 4096]----+
|  o +o.++o. ..   |
| . O ..++.... .  |
|  = + o .o   . . |
|   o . .o .    E.|
|    .  BS+    o .|
|   .  . B..  . * |
|    .  o+.    = .|
|     o.o+o       |
|    ..=*o        |
+----[SHA256]-----+


canhnguyen@Latitude-E6420:~$ eval "$(ssh-agent -s)"
Agent pid 4301


canhnguyen@Latitude-E6420:~$ ssh-add ~/.ssh/id_rsa
Identity added: /home/canhnguyen/.ssh/id_rsa (nguyenhuucanh95@gmail.com)


canhnguyen@Latitude-E6420:~$ cat ~/.ssh/id_rsa.pub
ssh-rsa AAAAB3NzaC1yc2EAAAADAQABAAACAQCwQ5Tk1a6o8.......bQ== nguyenhuucanh95@gmail.com


canhnguyen@Latitude-E6420:~$ git clone git@github.com:platform.git
Cloning into 'platform'...
Warning: Permanently added the RSA host key for IP address '50.70.220.110' to the list of known hosts.
remote: Enumerating objects: 148, done.
remote: Counting objects: 100% (148/148), done.
remote: Compressing objects: 100% (93/93), done.
remote: Total 17747 (delta 81), reused 92 (delta 49), pack-reused 17599
Receiving objects: 100% (17747/17747), 17.99 MiB | 1.47 MiB/s, done.
Resolving deltas: 100% (11671/11671), done.


canhnguyen@Latitude-E6420:~$ sudo apt install zsh
canhnguyen@Latitude-E6420:~$ sudo apt-get install powerline fonts-powerline 
google tiep...


canhnguyen@Latitude-E6420:~$  wget --quiet -O - https://www.postgresql.org/media/keys/ACCC4CF8.asc | sudo apt-key add -
OK
canhnguyen@Latitude-E6420:~$ sudo sh -c 'echo "deb http://apt.postgresql.org/pub/repos/apt/ `lsb_release -cs`-pgdg main" >> /etc/apt/sources.list.d/pgdg.list'
canhnguyen@Latitude-E6420:~$ sudo apt install postgresql postgresql-contrib -y
canhnguyen@Latitude-E6420:~$ sudo su ‚Äì postgres

canhnguyen@Latitude-E6420:~$ createuser --interactive -P
Enter name of role to add: test
Enter password for new role: 
Enter it again: 
Shall the new role be a superuser? (y/n) y

canhnguyen@Latitude-E6420:~$ createdb --owner test test
canhnguyen@Latitude-E6420:~$ logout


 canhnguyen@Latitude-E6420 ÓÇ∞ ~ ÓÇ∞ sudo apt install redis-server
[sudo] password for canhnguyen: 
Reading package lists... Done
Processing triggers for systemd (240-6ubuntu5.7) ...
Processing triggers for man-db (2.8.5-2) ...
Processing triggers for libc-bin (2.29-0ubuntu2) ...

 ‚úò canhnguyen@Latitude-E6420 ÓÇ∞ ~ ÓÇ∞ sudo systemctl start redis-server.service
 canhnguyen@Latitude-E6420 ÓÇ∞ ~ ÓÇ∞ sudo systemctl enable redis-server.service
Synchronizing state of redis-server.service with SysV service script with /lib/systemd/systemd-sysv-install.
Executing: /lib/systemd/systemd-sysv-install enable redis-server
 canhnguyen@Latitude-E6420 ÓÇ∞ ~ ÓÇ∞ sudo apt install php-redis
Reading package lists... Done
Building dependency tree       

Creating config file /etc/php/7.2/phpdbg/php.ini with new version
Setting up php-igbinary (3.0.0-1) ...
Setting up php-redis (4.2.0-1) ...
Processing triggers for man-db (2.8.5-2) ...
 canhnguyen@Latitude-E6420 ÓÇ∞ ~ ÓÇ∞ redis-cli -v
redis-cli 5.0.3
 canhnguyen@Latitude-E6420 ÓÇ∞ ~ ÓÇ∞  redis-cli ping
PONG


canhnguyen@Latitude-E6420 ÓÇ∞ sudo apt-get install binutils libproj-dev gdal-bin

canhnguyen@Latitude-E6420 ÓÇ∞ ~ ÓÇ∞ cd iteslateq-platform 
canhnguyen@Latitude-E6420 ÓÇ∞ ~/iteslateq-platform ÓÇ∞ ÓÇ† master ÓÇ∞ pipenv shell
Launching subshell in virtual environment‚Ä¶
 . /home/canhnguyen/.local/share/virtualenvs/iteslateq-platform-RP_V8dSf/bin/activate
 canhnguyen@Latitude-E6420 ÓÇ∞ ~/iteslateq-platform ÓÇ∞ ÓÇ† master ÓÇ∞  . /home/canhnguyen/.l(itesl(it((i((iteslateq-platform)  

(iteslateq-platform)  ‚úò canhnguyen@Latitude-E6420 ÓÇ∞ ~/iteslateq-platform ÓÇ∞ ÓÇ† master ÓÇ∞ pipenv install
Installing dependencies from Pipfile.lock (371a09)‚Ä¶
  üêç   ‚ñâ‚ñâ‚ñâ‚ñâ‚ñâ‚ñâ‚ñâ‚ñâ‚ñâ‚ñâ‚ñâ‚ñâ‚ñâ‚ñâ‚ñâ‚ñâ‚ñâ‚ñâ‚ñâ‚ñâ‚ñâ‚ñâ‚ñâ‚ñâ‚ñâ‚ñâ‚ñâ‚ñâ‚ñâ‚ñâ‚ñâ‚ñâ 163/163 ‚Äî 00:01:50

(iteslateq-platform)  ‚úò canhnguyen@Latitude-E6420 ÓÇ∞ ~/iteslateq-platform ÓÇ∞ ÓÇ† master ÓÇ∞ python manage.py migrate               Operations to perform:
  Apply all migrations: accounts, admin, auth, authtoken, chip_manager, code_chip, contenttypes, django_celery_beat, guardian, guide, manager, otp_static, otp_totp, sessions, sites, two_factor
Running migrations:
  Applying contenttypes.0001_initial... OK
  Applying contenttypes.0002_remove_content_type_name... OK
  Applying auth.0001_initial... OK
  Applying auth.0002_alter_permission_name_max_length... OK
  Applying auth.0003_alter_user_email_max_length... OK
  Applying auth.0004_alter_user_username_opts... OK
  Applying auth.0005_alter_user_last_login_null... OK
  Applying auth.0006_require_contenttypes_0002... OK
  Applying auth.0007_alter_validators_add_error_messages... OK
  Applying auth.0008_alter_user_username_max_length... OK

