
INSERT INTO accounts_org (id,name,project,email,logo,banner,homepage,top_header_background,top_header_color,header_menu_background,header_menu_color,content_block_background,content_block_color,footer_background,footer_color,contact_background,contact_color,owner_id, background_login) VALUES (1,'xx','','','','','','','','','','','','','','','','','');

(iteslateq-platform)➜  iteslateq-platform git:(master) ✗ python manage.py dbshell
psql (9.5.14)
SSL connection (protocol: TLSv1.2, cipher: ECDHE-RSA-AES256-GCM-SHA384, bits: 256, compression: off)
Type "help" for help.

db=> \d+;

 public | accounts_user                           | table    | root  | 16 kB      | 
 public | accounts_user_groups                    | table    | root  | 0 bytes    | 
 public | accounts_user_groups_id_seq             | sequence | root  | 8192 bytes | 
 public | accounts_user_id_seq                    | sequence | root  | 8192 bytes | 
 public | accounts_user_user_permissions          | table    | root  | 0 bytes    | 
 public | accounts_user_user_permissions_id_seq   | sequence | root  | 8192 bytes | 


db=> \d accounts_org;
                                          Table "public.accounts_org"
          Column          |          Type          |                         Modifiers                         
--------------------------+------------------------+-----------------------------------------------------------
 id                       | integer                | not null default nextval('accounts_org_id_seq'::regclass)
 name                     | character varying(50)  | not null
 project                  | character varying(50)  | not null
 email                    | character varying(254) | not null
 logo                     | character varying(100) | not null
 max_total_user           | integer                | not null



db=> ALTER TABLE accounts_org DROP COLUMN background_login;  // xoa column trong tabel
ALTER TABLE
db=> \d  accounts_org
                                          Table "public.accounts_org"
          Column          |          Type          |                         Modifiers                         
--------------------------+------------------------+-----------------------------------------------------------
 id                       | integer                | not null default nextval('accounts_org_id_seq'::regclass)
 name                     | character varying(50)  | not null
 project                  | character varying(50)  | not null
 email                    | character varying(254) | not null
 logo                     | character varying(100) | not null
 banner                   | character varying(100) | not null
 homepage                 | character varying(200) | not null
 top_header_background    | character varying(18)  | not null


>>> station = Station.objects.get(pk=1)
>>> station
<Station: Teslateq Office>
>>> chip =station.chips.all()
>>> chip
<QuerySet [<Chip: XXX>]>
>>> chip.delete()
Traceback (most recent call last):
  File "/root/.local/share/virtualenvs/iteslateq-platform-6mb2DECu/lib/python3.7/site-packages/django/db/backends/base/base.py", line 239, in _commit
    return self.connection.commit()
psycopg2.IntegrityError: update or delete on table "chip_manager_config" violates foreign key constraint "chip_manager_value_config_id_6f9e2014_fk_chip_manager_config_id" on table "chip_manager_value"
DETAIL:  Key (id)=(1) is still referenced from table "chip_manager_value".

>>> 
[1]  + 11702 suspended  python manage.py shell
(iteslateq-platform) ➜  iteslateq-platform git:(master) ✗  (THIS-IS-SERVER)$ python manage.py dbshell

iteslateq=# \d+;

iteslateq=# \d chip_manager_value;
iteslateq=# DELETE FROM chip_manager_value ;  // xoa value trong table chip_manager_value
DELETE 359648

teslateq=> DELETE FROM chip_manager_value ;
ERROR:  canceling statement due to statement timeout
teslateq=> delete from chip_manager_value where id < 80000;
DELETE 0
teslateq=> delete from chip_manager_value where id < 800000;
DELETE 279934
teslateq=> delete from chip_manager_value where id < 8000000;
ERROR:  canceling statement due to statement timeout

teslateq=# delete from chip_manager_valuelog where id < 118000;
DELETE 518

iteslateq=# ALTER TABLE chip_manager_config ADD COLUMN is_alarm boolean;  // them column vao tabel
ALTER TABLE


(iteslateq-platform) ➜  iteslateq-platform git:(master) ✗  (THIS IS SERVER) python manage.py dbshell
psql (10.10 (Ubuntu 10.10-0ubuntu0.18.04.1))
SSL connection (protocol: TLSv1.3, cipher: TLS_AES_256_GCM_SHA384, bits: 256, compression: off)
Type "help" for help.

teslateq=> TRUNCATE TABLE chip_manager_value;   => su dung TRUNCATE se xoa tat ca value trong table (xóa nhanh), khac voi DROP se xoa luon cau truc cua table 
TRUNCATE TABLE

teslateq=# TRUNCATE ONLY chip_manager_currentvalue;
ERROR:  cannot truncate a table referenced in a foreign key constraint
DETAIL:  Table "chip_manager_config" references "chip_manager_currentvalue".
HINT:  Truncate table "chip_manager_config" at the same time, or use TRUNCATE ... CASCADE.

(Khong dc su dung  TRUNCATE ... CASCADE nse xoa tat ca foregin key lien quan den table )

db=> DROP TABLE chip_manager_timeonoff;  // xoa table
DROP TABLE

db=> DROP TABLE chip_manager_alarmstatus; // truong hop xoa bao loi
ERROR:  cannot drop table chip_manager_alarmstatus because other objects depend on it
DETAIL:  constraint chip_manager_alarmst_alarmstatus_id_ddd8d082_fk_chip_mana on table chip_manager_alarmstatus_user_receive_email depends on table chip_manager_alarmstatus
HINT:  Use DROP ... CASCADE to drop the dependent objects too.
db=> 
db=> DROP TABLE chip_manager_alarmstatus CASCADE;
NOTICE:  drop cascades to constraint chip_manager_alarmst_alarmstatus_id_ddd8d082_fk_chip_mana on table chip_manager_alarmstatus_user_receive_email
DROP TABLE


